// Jest Snapshot v1, https://goo.gl/fbAQLP

exports[`successfully renders an issue list item 1`] = `
<div
  className="dp-ListItem dp---is-hoverable dp-github-issue"
>
  <div
    className="dp-ListItemRow"
  >
    <div
      className="dp-ActionBar dp-Level"
    >
      <div
        className="dp-LevelLeft"
      >
        <span
          className="dp-ActionBarTitle"
        >
          #1 - bug fix
        </span>
      </div>
      <div
        className="dp-ActionList dp-LevelRight"
      >
        <a
          className="dp-ActionListItem dp-ActionListIcon dp---is-hoverable"
          onClick={[Function]}
          title="Unlink issue"
        >
          <i
            className="dp-IconUnlink"
          />
        </a>
        <a
          className="dp-ActionListItem dp-ActionListIcon dp---is-hoverable"
          onClick={[Function]}
          title="Go to issue"
        >
          <i
            className="dp-IconOpen"
          />
        </a>
      </div>
    </div>
  </div>
  <div
    className="dp-ListItemRow"
  >
    <dl
      className="dp-DataDefList"
    >
      <dt
        className="dp-DataDefListKey"
      >
        Repo
      </dt>
      <dd
        className="dp-DataDefListValue"
      >
        deskpro/apps-dpat
      </dd>
      <dt
        className="dp-DataDefListKey"
      >
        Status
      </dt>
      <dd
        className="dp-DataDefListValue"
      >
        open
      </dd>
    </dl>
  </div>
</div>
`;
