// Jest Snapshot v1, https://goo.gl/fbAQLP

exports[`successfully renders a link tab 1`] = `
<ul
  className="dp-list dp-column-drawer-list"
>
  <li
    className="dp-column-drawer--with-controls"
    style={
      Object {
        "display": "block",
      }
    }
  >
    <div>
      <div
        style={
          Object {
            "display": "block",
          }
        }
      >
        <div
          className="dp-container dp-github-container"
        >
          <form
            className="dp-form"
            onSubmit={[Function]}
          >
            <div
              className="dp-form-group"
              id="repo"
              required={true}
            >
              <label
                className="dp-input__label"
                htmlFor=""
              >
                Repository:
                
              </label>
              
              <div
                className="dp-select"
              >
                <div
                  className="Select dp-select Select--single is-clearable is-searchable"
                  style={undefined}
                >
                  <div
                    className="Select-control"
                    onKeyDown={[Function]}
                    onMouseDown={[Function]}
                    onTouchEnd={[Function]}
                    onTouchMove={[Function]}
                    onTouchStart={[Function]}
                    style={undefined}
                  >
                    <span
                      className="Select-multi-value-wrapper"
                      id="react-select-2--value"
                    >
                      <div
                        className="Select-placeholder"
                      >
                        Please select
                      </div>
                      <div
                        className="Select-input"
                        style={
                          Object {
                            "display": "inline-block",
                          }
                        }
                      >
                        <style
                          dangerouslySetInnerHTML={
                            Object {
                              "__html": "input#undefined::-ms-clear {display: none;}",
                            }
                          }
                        />
                        <input
                          aria-activedescendant="react-select-2--value"
                          aria-describedby={undefined}
                          aria-expanded="false"
                          aria-haspopup="false"
                          aria-label={undefined}
                          aria-labelledby={undefined}
                          aria-owns=""
                          className={undefined}
                          id={undefined}
                          onBlur={[Function]}
                          onChange={[Function]}
                          onFocus={[Function]}
                          required={false}
                          role="combobox"
                          style={
                            Object {
                              "boxSizing": "content-box",
                              "width": "5px",
                            }
                          }
                          tabIndex={undefined}
                          value=""
                        />
                        <div
                          style={
                            Object {
                              "height": 0,
                              "left": 0,
                              "overflow": "scroll",
                              "position": "absolute",
                              "top": 0,
                              "visibility": "hidden",
                              "whiteSpace": "pre",
                            }
                          }
                        >
                          
                        </div>
                      </div>
                    </span>
                    <span
                      aria-label="Clear value"
                      className="Select-clear-zone"
                      onMouseDown={[Function]}
                      onTouchEnd={[Function]}
                      onTouchMove={[Function]}
                      onTouchStart={[Function]}
                      title="Clear value"
                    >
                      <span
                        className="Select-clear"
                        dangerouslySetInnerHTML={
                          Object {
                            "__html": "&times;",
                          }
                        }
                      />
                    </span>
                    <span
                      className="Select-arrow-zone"
                      onMouseDown={[Function]}
                    >
                      <span
                        className="Select-arrow"
                        onMouseDown={[Function]}
                      />
                    </span>
                  </div>
                </div>
              </div>
            </div>
            <div
              className="dp-form-group"
              id="number"
            >
              <label
                className="dp-input__label"
                htmlFor=""
              >
                Issue:
                
              </label>
              
              <div
                className="dp-select"
              >
                <div
                  className="Select dp-select Select--single is-clearable is-searchable"
                  style={undefined}
                >
                  <div
                    className="Select-control"
                    onKeyDown={[Function]}
                    onMouseDown={[Function]}
                    onTouchEnd={[Function]}
                    onTouchMove={[Function]}
                    onTouchStart={[Function]}
                    style={undefined}
                  >
                    <span
                      className="Select-multi-value-wrapper"
                      id="react-select-3--value"
                    >
                      <div
                        className="Select-placeholder"
                      >
                        Please select
                      </div>
                      <div
                        className="Select-input"
                        style={
                          Object {
                            "display": "inline-block",
                          }
                        }
                      >
                        <style
                          dangerouslySetInnerHTML={
                            Object {
                              "__html": "input#undefined::-ms-clear {display: none;}",
                            }
                          }
                        />
                        <input
                          aria-activedescendant="react-select-3--value"
                          aria-describedby={undefined}
                          aria-expanded="false"
                          aria-haspopup="false"
                          aria-label={undefined}
                          aria-labelledby={undefined}
                          aria-owns=""
                          className={undefined}
                          id={undefined}
                          onBlur={[Function]}
                          onChange={[Function]}
                          onFocus={[Function]}
                          required={false}
                          role="combobox"
                          style={
                            Object {
                              "boxSizing": "content-box",
                              "width": "5px",
                            }
                          }
                          tabIndex={undefined}
                          value=""
                        />
                        <div
                          style={
                            Object {
                              "height": 0,
                              "left": 0,
                              "overflow": "scroll",
                              "position": "absolute",
                              "top": 0,
                              "visibility": "hidden",
                              "whiteSpace": "pre",
                            }
                          }
                        >
                          
                        </div>
                      </div>
                    </span>
                    <span
                      aria-label="Clear value"
                      className="Select-clear-zone"
                      onMouseDown={[Function]}
                      onTouchEnd={[Function]}
                      onTouchMove={[Function]}
                      onTouchStart={[Function]}
                      title="Clear value"
                    >
                      <span
                        className="Select-clear"
                        dangerouslySetInnerHTML={
                          Object {
                            "__html": "&times;",
                          }
                        }
                      />
                    </span>
                    <span
                      className="Select-arrow-zone"
                      onMouseDown={[Function]}
                    >
                      <span
                        className="Select-arrow"
                        onMouseDown={[Function]}
                      />
                    </span>
                  </div>
                </div>
              </div>
            </div>
            <button
              className="dp-button dp-button--l dp-button--primary dp-button--shape-default"
              disabled={false}
            >
              Link
            </button>
          </form>
        </div>
      </div>
    </div>
  </li>
</ul>
`;
